CRITICAL - 2026-05-13 09:39:39 --> CodeIgniter\View\Exceptions\ViewException: Invalid file: "employe/dashboard.php"
[Method: GET, Route: employe/dashboard]
in SYSTEMPATH/Exceptions/FrameworkException.php on line 39.
 1 SYSTEMPATH/View/View.php(228): CodeIgniter\Exceptions\FrameworkException::forInvalidFile()
 2 SYSTEMPATH/Common.php(1250): CodeIgniter\View\View->render()
 3 APPPATH/Controllers/EmployeController.php(8): view()
 4 SYSTEMPATH/CodeIgniter.php(951): App\Controllers\EmployeController->dashboard()
 5 SYSTEMPATH/CodeIgniter.php(497): CodeIgniter\CodeIgniter->runController()
 6 SYSTEMPATH/CodeIgniter.php(340): CodeIgniter\CodeIgniter->handleRequest()
 7 SYSTEMPATH/Boot.php(417): CodeIgniter\CodeIgniter->run()
 8 SYSTEMPATH/Boot.php(68): CodeIgniter\Boot::runCodeIgniter()
 9 FCPATH/index.php(59): CodeIgniter\Boot::bootWeb()
10 SYSTEMPATH/rewrite.php(44): require_once('/home/jean/Bureau/L2/S4/Systeme d\'information/Projet-resssource-humaine/public/index.php')
CRITICAL - 2026-05-13 09:46:10 --> CodeIgniter\View\Exceptions\ViewException: Invalid file: "employe/mes_demandes.php"
[Method: GET, Route: employe/demandes]
in SYSTEMPATH/Exceptions/FrameworkException.php on line 39.
 1 SYSTEMPATH/View/View.php(228): CodeIgniter\Exceptions\FrameworkException::forInvalidFile()
 2 SYSTEMPATH/Common.php(1250): CodeIgniter\View\View->render()
 3 APPPATH/Controllers/EmployeController.php(13): view()
 4 SYSTEMPATH/CodeIgniter.php(951): App\Controllers\EmployeController->liste()
 5 SYSTEMPATH/CodeIgniter.php(497): CodeIgniter\CodeIgniter->runController()
 6 SYSTEMPATH/CodeIgniter.php(340): CodeIgniter\CodeIgniter->handleRequest()
 7 SYSTEMPATH/Boot.php(417): CodeIgniter\CodeIgniter->run()
 8 SYSTEMPATH/Boot.php(68): CodeIgniter\Boot::runCodeIgniter()
 9 FCPATH/index.php(59): CodeIgniter\Boot::bootWeb()
10 SYSTEMPATH/rewrite.php(44): require_once('/home/jean/Bureau/L2/S4/Systeme d\'information/Projet-resssource-humaine/public/index.php')
